<testsuites id="" name="" tests="5" failures="0" skipped="0" errors="0" time="6.847047000000001">
<testsuite name="checkoutFlow.spec.ts" timestamp="2025-06-08T19:00:51.937Z" hostname="Test Project" tests="1" failures="0" skipped="0" time="4.146" errors="0">
<testcase name="Login Test Suite › Login - select product/ Checkout" classname="checkoutFlow.spec.ts" time="4.146">
</testcase>
</testsuite>
<testsuite name="loginTest.spec.ts" timestamp="2025-06-08T19:00:51.937Z" hostname="Test Project" tests="3" failures="0" skipped="0" time="4.826" errors="0">
<testcase name="Login Test Suite › Login with standard user" classname="loginTest.spec.ts" time="3.743">
</testcase>
<testcase name="Login Test Suite › Login with locked user" classname="loginTest.spec.ts" time="0.532">
</testcase>
<testcase name="Login Test Suite › Login with incorrect user" classname="loginTest.spec.ts" time="0.551">
</testcase>
</testsuite>
<testsuite name="productSelection.spec.ts" timestamp="2025-06-08T19:00:51.937Z" hostname="Test Project" tests="1" failures="0" skipped="0" time="0.797" errors="0">
<testcase name="Login Test Suite › Login - select product " classname="productSelection.spec.ts" time="0.797">
</testcase>
</testsuite>
</testsuites>